Load map
========

Module:  colony.obj
 Text segment:  396 bytes, load point 0x00400000
 Data segment:  15048 bytes, load point 0x10000000
 Symbols:
               Name Section Mode    Value
       debug_params   Text   R   0x004000dc
           _A_CELLS          A   0x00000008
       live_cells_A   Data   R   0x1000003a
       live_cells_B   Data   R   0x10000065
             hyphen   Data   R   0x1000023b
            d_b_loc   Data   R   0x10000227
                  A   Data   R   0x1000023f
                  B   Data   R   0x10000241
              d_dim   Data   R   0x100001ca
        generations   Data   R   0x10000248
         print_loop   Text   R   0x004000a0
           READ_INT          A   0x00000005
    b_x_coordinates   Data   R   0x10001e80
           b_next_x   Data   R   0x10001e7c
           b_next_y   Data   R   0x10002c90
  enter_generations   Data   R   0x10000014
            newline   Data   R   0x10000110
      illegal_cells   Data   R   0x10000173
          d_b_cells   Data   R   0x10000202
            B_cells   Data   R   0x10000250
     gen_banner_end   Data   R   0x10000106
        print_array   Text   R   0x00400098
              d_gen   Data   R   0x100001df
           _B_CELLS          A   0x0000000c
          board_dim   Data   R   0x10000244
       FRAMESIZE_24          A   0x00000018
   gen_banner_start   Data   R   0x100000f2
       PRINT_STRING          A   0x00000004
    a_x_coordinates   Data   R   0x10000258
               main   Text   RG  0x00400000
             banner   Data   R   0x100000ac
              space   Data   R   0x10000112
   enter_board_size   Data   R   0x10000000
            d_a_loc   Data   R   0x10000215
               plus   Data   R   0x10000239
           a_next_x   Data   R   0x10000254
           a_next_y   Data   R   0x10001068
    b_y_coordinates   Data   R   0x10002c94
    a_y_coordinates   Data   R   0x1000106c
         print_done   Text   R   0x004000c8
       illegal_gens   Data   R   0x1000013e
            _NEXT_X          A   0x00000010
            _NEXT_Y          A   0x00000014
       FRAMESIZE_40          A   0x00000028
      illegal_point   Data   R   0x100001a7
       FRAMESIZE_48          A   0x00000030
           end_main   Text   R   0x0040008c
        FRAMESIZE_8          A   0x00000008
              _GENS          A   0x00000004
                bar   Data   R   0x1000023d
    enter_locations   Data   R   0x10000090
        param_block   Data   R   0x10003aa4
          d_a_cells   Data   R   0x100001ef
            A_cells   Data   R   0x1000024c
        READ_STRING          A   0x00000008
          PRINT_INT          A   0x00000001
       illegal_size   Data   R   0x10000114
         _BOARD_DIM          A   0x00000000

Module:  get_input.obj
 Text segment:  276 bytes, load point 0x0040018c
 Symbols:
               Name Section Mode    Value
            B_CELLS          A   0x0000000c
        B_cells_end   Text   R   0x00400284
        get_A_cells   Text   RG  0x004001b8
        A_cells_end   Text   R   0x00400210
           READ_INT          A   0x00000005
          BOARD_DIM          A   0x00000000
     CELL_FRAMESIZE          A   0x00000018
         loc_loop_A   Text   R   0x004001e0
         loc_loop_B   Text   R   0x00400254
            A_CELLS          A   0x00000008
       PRINT_STRING          A   0x00000004
            NEXT_AX          A   0x00000010
            NEXT_AY          A   0x00000014
        get_integer   Text   RG  0x0040018c
        get_B_cells   Text   RG  0x0040022c
            NEXT_BX          A   0x00000018
            NEXT_BY          A   0x0000001c
               GENS          A   0x00000004
        READ_STRING          A   0x00000008
          PRINT_INT          A   0x00000001

Module:  r2k_startup.obj
 Text segment:  36 bytes, load point 0x004002a0
 Symbols:
               Name Section Mode    Value
          SYS_EXIT2          A   0x00000011
     __r2k__entry__   Text   RG  0x004002a4
