   1 0000               # File: $Id$
   2 0000               # Author: Ryan Cervantes (rxc3202@rit.edu)
   3 0000               # Description: this file is the main file for the
   4 0000               #               cs250 project
   5 0000               
   6 0000               
   7 0000               
   8 0000               ###########################################
   9 0000               # ======================================= #
  10 0000               # ||        CONSTANTS BLOCK            || #
  11 0000               # ======================================= #
  12 0000               ###########################################
  13 0000               
  14 0000               # ===========================
  15 0000               # || param block constants ||
  16 0000               # ===========================
  17 0000               
  18 0000               DIM_OFFSET = 0
  19 0000               GEN_OFFSET = 4
  20 0000               A_OFFSET = 8
  21 0000               B_OFFSET = 12
  22 0000               NEXT_A_OFFSET = 16
  23 0000               NEXT_B_OFFSET = 20
  24 0000               A_ARRAY_OFFSET = 24
  25 0000               B_ARRAY_OFFSET = 28
  26 0000               
  27 0000               # syscall codes
  28 0000               
  29 0000               PRINT_INT =	1
  30 0000               PRINT_STRING = 	4
  31 0000               READ_INT = 	5
  32 0000               READ_STRING =	8
  33 0000               
  34 0000               # various frame sizes used by different routines
  35 0000               
  36 0000               FRAMESIZE_8 = 	8
  37 0000               FRAMESIZE_24 =	24
  38 0000               FRAMESIZE_40 =	40
  39 0000               FRAMESIZE_48 =	48
  40 0000               
  41 0000                       .data
  42 0000                       .align      2
  43 0000               
  44 0000               # ====================
  45 0000               #    INPUT STRINGS 
  46 0000               # ====================
  47 0000               
  48 0000               enter_board_size:
  49 0000 0A456E74	        .asciiz "\nEnter board size: "
          65722062
          6F617264
          2073697A
          653A2000
  50 0014               
  51 0014               enter_generations: 
  52 0014 0A456E74	        .asciiz "\nEnter number of generations to run: "
          6572206E
          756D6265
          72206F66
          2067656E
          65726174
  53 003a               
  54 003a               live_cells_A:
  55 003a 0A456E74	        .asciiz "\nEnter number of live cells for colony A: "
          6572206E
          756D6265
          72206F66
          206C6976
          65206365
  56 0065               
  57 0065               live_cells_B:
  58 0065 0A456E74	        .asciiz "\nEnter number of live cells for colony B: "
          6572206E
          756D6265
          72206F66
          206C6976
          65206365
  59 0090               
  60 0090               enter_locations:
  61 0090 0A537461	        .asciiz "\nStart entering locations: \n"
          72742065
          6E746572
          696E6720
          6C6F6361
          74696F6E
  62 00ad               
  63 00ad               # ====================
  64 00ad               #    OTHER STRINGS 
  65 00ad               # ====================
  66 00ad               
  67 00ad               banner:
  68 00ad 0A2A2A2A	        .ascii "\n**********************\n"
          2A2A2A2A
          2A2A2A2A
          2A2A2A2A
          2A2A2A2A
          2A2A2A0A
  69 00c5 2A2A2A2A	        .ascii "****    Colony    ****\n"
          20202020
          436F6C6F
          6E792020
          20202A2A
          2A2A0A  
  70 00dc 2A2A2A2A	        .asciiz "**********************\n"
          2A2A2A2A
          2A2A2A2A
          2A2A2A2A
          2A2A2A2A
          2A2A0A00
  71 00f4               
  72 00f4               gen_banner_start:
  73 00f4 3D3D3D3D	        .asciiz "====    GENERATION "
          20202020
          47454E45
          52415449
          4F4E2000
  74 0108               
  75 0108               gen_banner_end:
  76 0108 20202020	        .asciiz "    ====\n"
          3D3D3D3D
          0A00    
  77 0112               
  78 0112               newline: 
  79 0112 0A00    	        .asciiz "\n"
  80 0114               
  81 0114               space:
  82 0114 2000    	        .asciiz " "
  83 0116               
  84 0116               # ====================
  85 0116               #    ERROR STRINGS 
  86 0116               # ====================
  87 0116               
  88 0116               illegal_size:
  89 0116 0A574152	        .asciiz "\nWARNING: illegal board size, try again: "
          4E494E47
          3A20696C
          6C656761
          6C20626F
          61726420
  90 0140               
  91 0140               illegal_gens:
  92 0140 0A574152	        .asciiz "\nWARNING: illegal number of generations, try again: "
          4E494E47
          3A20696C
          6C656761
          6C206E75
          6D626572
  93 0175               
  94 0175               illegal_cells:
  95 0175 0A574152	        .asciiz "\nWARNING: illegal number of live cells, try again: "
          4E494E47
          3A20696C
          6C656761
          6C206E75
          6D626572
  96 01a9               
  97 01a9               illegal_point:
  98 01a9 0A574152	        .asciiz "\nWARNING: illegal point location\n"
          4E494E47
          3A20696C
          6C656761
          6C20706F
          696E7420
  99 01cb               
 100 01cb               # ====================
 101 01cb               #    DEBUG STRINGS  
 102 01cb               # ====================
 103 01cb               
 104 01cb               d_dim:
 105 01cb 0A20426F	        .asciiz "\n Board Dimensions: "
          61726420
          44696D65
          6E73696F
          6E733A20
          00      
 106 01e0               
 107 01e0               d_gen:
 108 01e0 0A204765	        .asciiz "\n Generations: "
          6E657261
          74696F6E
          733A2000
 109 01f0               
 110 01f0               d_a_cells:
 111 01f0 0A20436F	        .asciiz "\n Colony A Cells: "
          6C6F6E79
          20412043
          656C6C73
          3A2000  
 112 0203               
 113 0203               d_b_cells:
 114 0203 0A20436F	        .asciiz "\n Colony B Cells: "
          6C6F6E79
          20422043
          656C6C73
          3A2000  
 115 0216               
 116 0216               d_a_loc:
 117 0216 0A204120	        .asciiz "\n A Coordinates: "
          436F6F72
          64696E61
          7465733A
          2000    
 118 0228               
 119 0228               d_b_loc:
 120 0228 0A204220	        .asciiz "\n B Coordinates: "
          436F6F72
          64696E61
          7465733A
          2000    
 121 023a               
 122 023a               lp:
 123 023a 2800    	        .asciiz "("
 124 023c               comma:
 125 023c 2C2000  	        .asciiz ", "
 126 023f               rp:
 127 023f 2900    	        .asciiz ")"
 128 0241               
 129 0241               # ====================
 130 0241               #    BOARD STRINGS  
 131 0241               # ====================
 132 0241               
 133 0241               plus:
 134 0241 2B00    	        .asciiz "+"
 135 0243               
 136 0243               hyphen:
 137 0243 2D00    	        .asciiz "-"
 138 0245               
 139 0245               bar:
 140 0245 7C00    	        .asciiz "|"
 141 0247               
 142 0247               A:
 143 0247 4100    	        .asciiz "A"
 144 0249               B:
 145 0249 4200    	        .asciiz "B"
 146 024b               
 147 024b               # ====================
 148 024b               #     GAME BUFFERS
 149 024b               # ====================
 150 024b               # These addresses will hold the values read in by the user
 151 024b               # if a negative one is detected in a register, the value will
 152 024b               # be known to not be read in correctly
 153 024b               
 154 024b               board_dim:
 155 024b 00      	        .word       -1
     024c FFFFFFFF
 156 0250               
 157 0250               generations:
 158 0250 FFFFFFFF	        .word       -1
 159 0254               
 160 0254               A_cells:
 161 0254 FFFFFFFF	        .word       -1
 162 0258               
 163 0258               B_cells:
 164 0258 FFFFFFFF	        .word       -1
 165 025c               
 166 025c               a_next:
 167 025c 00000260	        .word       a_coordinates
 168 0260               
 169 0260               a_coordinates:                                          
 170 0260 00000000	        .space      7200                            #space for 300 x's
          00000000
          00000000
          00000000
          00000000
          00000000
 171 1e80                       .align      2
 172 1e80               
 173 1e80               b_next:
 174 1e80 00001E84	        .word       b_coordinates
 175 1e84               
 176 1e84               b_coordinates:
 177 1e84 00000000	        .space      7200                            #space for 300 y's
          00000000
          00000000
          00000000
          00000000
          00000000
 178 3aa4                       .align      2
 179 3aa4               
 180 3aa4               param_block:
 181 3aa4                       #   === 32 byte structure ===   #
 182 3aa4 0000024C	        .word       board_dim                       #0 offset
 183 3aa8 00000250	        .word       generations                     #4 offset
 184 3aac 00000254	        .word       A_cells                         #8 offset
 185 3ab0 00000258	        .word       B_cells                         #12 offset
 186 3ab4 0000025C	        .word       a_next                          #16 offset
 187 3ab8 00001E80	        .word       b_next                          #20 offset
 188 3abc 00000260	        .word       a_coordinates                   #24 offset
 189 3ac0 00001E84	        .word       b_coordinates                   #28
 190 3ac4               
 191 3ac4               
 192 3ac4               ###########################################
 193 3ac4               # ======================================= #
 194 3ac4               # ||        MAIN CODE BLOCK            || #
 195 3ac4               # ======================================= #
 196 3ac4               ###########################################
 197 0000                       .text
 198 0000                       .align      2
 199 0000                       .globl      main
 200 0000                       .globl      get_integer
 201 0000                       .globl      get_A_cells
 202 0000                       .globl      get_B_cells
 203 0000               
 204 0000               main:       
 205 0000 23BDFFD0	        addi    $sp, $sp, -FRAMESIZE_48
 206 0004 AFBF002C	        sw      $ra, -4+FRAMESIZE_48($sp)
 207 0008                       
 208 0008 34020004	        li      $v0, PRINT_STRING                   #print banner
 209 000c 3C040000	        la      $a0, banner
     0010 34840000
 210 0014 0000000C	        syscall
 211 0018                       
 212 0018                       # ---------------------------- #
 213 0018                       #       Get user input         #
 214 0018                       # ---------------------------- #
 215 0018               
 216 0018                       # print and get board dimensions #
 217 0018               
 218 0018 34020004	        li      $v0, PRINT_STRING                    
 219 001c 3C040000	        la      $a0, enter_board_size
     0020 34840000
 220 0024 0000000C	        syscall
 221 0028                       
 222 0028 3C040000	        la      $a0, board_dim 
     002c 34840000
 223 0030 34050004	        li      $a1, 4
 224 0034 3406001E	        li      $a2, 30
 225 0038 3C070000	        la      $a3, illegal_size
     003c 34E70000
 226 0040 0C000000	        jal     get_integer
 227 0044                       
 228 0044                       # print and get generations #
 229 0044               
 230 0044 34020004	        li      $v0, PRINT_STRING                    
 231 0048 3C040000	        la      $a0, enter_generations
     004c 34840000
 232 0050 0000000C	        syscall
 233 0054                       
 234 0054 3C040000	        la      $a0, generations
     0058 34840000
 235 005c 34050000	        li      $a1, 0
 236 0060 34060014	        li      $a2, 20
 237 0064 3C070000	        la      $a3, illegal_gens
     0068 34E70000
 238 006c 0C000000	        jal     get_integer
 239 0070               
 240 0070                       # print and get A colony size #
 241 0070               
 242 0070 34020004	        li      $v0, PRINT_STRING                    
 243 0074 3C040000	        la      $a0, live_cells_A
     0078 34840000
 244 007c 0000000C	        syscall
 245 0080                       
 246 0080 3C040000	        la      $a0, A_cells
     0084 34840000
 247 0088 34050000	        li      $a1, 0
 248 008c 3C060000	        la      $a2, board_dim
     0090 34C60000
 249 0094 8CC60000	        lw      $a2, 0($a2)
 250 0098 00C60018	        mul     $a2, $a2, $a2                       #dim^2
     009c 00003012
 251 00a0 3C070000	        la      $a3, illegal_cells
     00a4 34E70000
 252 00a8 0C000000	        jal     get_integer
 253 00ac               
 254 00ac                       # print and get A colony locations #
 255 00ac               
 256 00ac 34020004	        li      $v0, PRINT_STRING                    
 257 00b0 3C040000	        la      $a0, enter_locations
     00b4 34840000
 258 00b8 0000000C	        syscall
 259 00bc                       
 260 00bc 3C040000	        la      $a0, param_block
     00c0 34840000
 261 00c4 3C050000	        la      $a1, illegal_point
     00c8 34A50000
 262 00cc 0C000000	        jal     get_A_cells
 263 00d0               
 264 00d0                       # print and get B colony size #
 265 00d0               
 266 00d0 34020004	        li      $v0, PRINT_STRING                    
 267 00d4 3C040000	        la      $a0, live_cells_B
     00d8 34840000
 268 00dc 0000000C	        syscall
 269 00e0                       
 270 00e0 3C040000	        la      $a0, B_cells
     00e4 34840000
 271 00e8 34050000	        li      $a1, 0
 272 00ec 3C060000	        la      $a2, board_dim
     00f0 34C60000
 273 00f4 8CC60000	        lw      $a2, 0($a2)
 274 00f8 00C60018	        mul     $a2, $a2, $a2                       #dim^2
     00fc 00003012
 275 0100 3C070000	        la      $a3, illegal_cells
     0104 34E70000
 276 0108 0C000000	        jal     get_integer
 277 010c                       
 278 010c                       # print and get B colony locations #
 279 010c               
 280 010c 34020004	        li      $v0, PRINT_STRING                    
 281 0110 3C040000	        la      $a0, enter_locations
     0114 34840000
 282 0118 0000000C	        syscall
 283 011c                       
 284 011c 3C040000	        la      $a0, param_block
     0120 34840000
 285 0124 3C050000	        la      $a1, illegal_point
     0128 34A50000
 286 012c 0C000000	        jal     get_B_cells
 287 0130                       
 288 0130               
 289 0130                       # == test input grabbing == #
 290 0130 3C040000	        la      $a0, param_block
     0134 34840000
 291 0138 0C000073	        jal     debug_params
 292 013c               
 293 013c               end_main:
 294 013c 8FBF002C	        lw          $ra, -4+FRAMESIZE_48($sp)
 295 0140 23BD0030	        addi        $sp, $sp, FRAMESIZE_48
 296 0144 03E00008	        jr          $ra
 297 0148               
 298 0148               
 299 0148               
 300 0148               ###########################################
 301 0148               # ======================================= #
 302 0148               # ||        Helper Code                || #
 303 0148               # ======================================= #
 304 0148               ###########################################
 305 0148               
 306 0148               # =========================================================
 307 0148               # Name:             print_locations
 308 0148               # =========================================================
 309 0148               # Description:      prints an array of location "structs"
 310 0148               #                   each structure is 8 bytes long where:
 311 0148               #                       - 0 -> x coordinate
 312 0148               #                       - 4 offset -> y coordinate
 313 0148               #
 314 0148               # Parameters:
 315 0148               #       a0 -        the location of array to print
 316 0148               #       a1 -        the size of the array
 317 0148               #
 318 0148               # T Registers:
 319 0148               #       t0 -        loop counter
 320 0148               #     
 321 0148               # =========================================================
 322 0148               print_locations:
 323 0148 34080000	        li      $t0, 0                              # i == 0
 324 014c 00804821	        move    $t1, $a0                            # pointer
 325 0150               
 326 0150               print_loop:
 327 0150 11050019	        beq     $t0, $a1, print_done                #done if i == n 
 328 0154               
 329 0154 3C040000	        la      $a0, newline
     0158 34840000
 330 015c 34020004	        li      $v0, PRINT_STRING                   #print \n
 331 0160 0000000C	        syscall
 332 0164                       
 333 0164 3C040000	        la      $a0, lp
     0168 34840000
 334 016c 34020004	        li      $v0, PRINT_STRING                   #print (
 335 0170 0000000C	        syscall
 336 0174                       
 337 0174 8D240000	        lw      $a0, 0($t1)                         #get a[i].x
 338 0178 34020001	        li      $v0, PRINT_INT
 339 017c 0000000C	        syscall                                     #print a[i].x
 340 0180               
 341 0180 3C040000	        la      $a0, comma
     0184 34840000
 342 0188 34020004	        li      $v0, PRINT_STRING                   #print ,
 343 018c 0000000C	        syscall
 344 0190                       
 345 0190 8D240004	        lw      $a0, 4($t1)                         #get a[i].y
 346 0194 34020001	        li      $v0, PRINT_INT
 347 0198 0000000C	        syscall                                     #print a[i].y
 348 019c                       
 349 019c 3C040000	        la      $a0, rp
     01a0 34840000
 350 01a4 34020004	        li      $v0, PRINT_STRING                   #print )
 351 01a8 0000000C	        syscall
 352 01ac                       
 353 01ac 21290008	        addi    $t1, $t1, 8                         #update pointer
 354 01b0 21080001	        addi    $t0, $t0, 1                         #i++
 355 01b4 08000054	        j       print_loop
 356 01b8               
 357 01b8               print_done:
 358 01b8 3C040000	        la      $a0, newline
     01bc 34840000
 359 01c0 34020004	        li      $v0, PRINT_STRING
 360 01c4 0000000C	        syscall
 361 01c8                       
 362 01c8 03E00008	        jr      $ra
 363 01cc               
 364 01cc               # =========================================================
 365 01cc               # Name:             debug_params
 366 01cc               # =========================================================
 367 01cc               # Description:      print the inputs in the param block
 368 01cc               #
 369 01cc               # Parameters:
 370 01cc               #       a0 -        the parameter block
 371 01cc               # S Registers:
 372 01cc               #       s0 -        the saved parameter block
 373 01cc               # =========================================================
 374 01cc               debug_params:
 375 01cc                       
 376 01cc 23BDFFF8	        addi    $sp, $sp, -8
 377 01d0 AFBF0004	        sw      $ra, 4($sp)
 378 01d4 AFB00000	        sw      $s0, 0($sp)
 379 01d8                       
 380 01d8 00808021	        move    $s0, $a0                            #save param block
 381 01dc               
 382 01dc                       # print board dimensions #
 383 01dc               
 384 01dc 34020004	        li      $v0, PRINT_STRING
 385 01e0 3C040000	        la      $a0, d_dim
     01e4 34840000
 386 01e8 0000000C	        syscall
 387 01ec 34020001	        li      $v0, PRINT_INT
 388 01f0 8E040000	        lw      $a0, DIM_OFFSET($s0)
 389 01f4 8C840000	        lw      $a0, 0($a0)
 390 01f8 0000000C	        syscall
 391 01fc               
 392 01fc                       # print generations #
 393 01fc               
 394 01fc 34020004	        li      $v0, PRINT_STRING
 395 0200 3C040000	        la      $a0, d_gen
     0204 34840000
 396 0208 0000000C	        syscall
 397 020c 34020001	        li      $v0, PRINT_INT
 398 0210 8E040004	        lw      $a0, GEN_OFFSET($s0)
 399 0214 8C840000	        lw      $a0, 0($a0)                         #load val at 0(label)
 400 0218 0000000C	        syscall
 401 021c               
 402 021c                       # print colony A size #
 403 021c               
 404 021c 34020004	        li      $v0, PRINT_STRING
 405 0220 3C040000	        la      $a0, d_a_cells
     0224 34840000
 406 0228 0000000C	        syscall
 407 022c 34020001	        li      $v0, PRINT_INT
 408 0230 8E040008	        lw      $a0, A_OFFSET($s0)
 409 0234 8C840000	        lw      $a0, 0($a0)                         #load val at 0(label)
 410 0238 0000000C	        syscall
 411 023c               
 412 023c                       # print locations #
 413 023c 34020004	        li      $v0, PRINT_STRING
 414 0240 3C040000	        la      $a0, d_a_loc
     0244 34840000
 415 0248 0000000C	        syscall
 416 024c               
 417 024c                       #lw      $a0, A_ARRAY_OFFSET($s0)            #load addr of arr
 418 024c                       #lw      $a0, 0($a0)
 419 024c 3C040000	        la      $a0, a_coordinates
     0250 34840000
 420 0254                       #lw      $a0, 0($a0)
 421 0254 8E050008	        lw      $a1, A_OFFSET($s0)
 422 0258 8CA50000	        lw      $a1, 0($a1)
 423 025c 0C000052	        jal     print_locations
 424 0260               
 425 0260               
 426 0260                       # print colony B size#
 427 0260               
 428 0260 34020004	        li      $v0, PRINT_STRING
 429 0264 3C040000	        la      $a0, d_b_cells
     0268 34840000
 430 026c 0000000C	        syscall
 431 0270               
 432 0270 34020001	        li      $v0, PRINT_INT
 433 0274 8E04000C	        lw      $a0, B_OFFSET($s0)
 434 0278 8C840000	        lw      $a0, 0($a0)                         #load val at 0(label)
 435 027c 0000000C	        syscall
 436 0280               
 437 0280                       # print locations#
 438 0280 34020004	        li      $v0, PRINT_STRING
 439 0284 3C040000	        la      $a0, d_b_loc
     0288 34840000
 440 028c 0000000C	        syscall
 441 0290               
 442 0290 3C040000	        la      $a0, b_coordinates                  #get addr of arr
     0294 34840000
 443 0298 8E05000C	        lw      $a1, B_OFFSET($s0)                  #get addr of size
 444 029c 8CA50000	        lw      $a1, 0($a1)                         #get size
 445 02a0 0C000052	        jal     print_locations
 446 02a4               
 447 02a4 34020004	        li      $v0, PRINT_STRING
 448 02a8 3C040000	        la      $a0, newline
     02ac 34840000
 449 02b0 0000000C	        syscall
 450 02b4                       
 451 02b4 8FBF0004	        lw      $ra, 4($sp)
 452 02b8 8FB00000	        lw      $s0, 0($sp)
 453 02bc 23BD0008	        addi    $sp, $sp, 8
 454 02c0 03E00008	        jr      $ra
 455 02c4               


A                    00000247 R  data 
A_ARRAY_OFFSET     = 00000018   
A_OFFSET           = 00000008   
A_cells              00000254 R  data 
B                    00000249 R  data 
B_ARRAY_OFFSET     = 0000001C   
B_OFFSET           = 0000000C   
B_cells              00000258 R  data 
DIM_OFFSET         = 00000000   
FRAMESIZE_24       = 00000018   
FRAMESIZE_40       = 00000028   
FRAMESIZE_48       = 00000030   
FRAMESIZE_8        = 00000008   
GEN_OFFSET         = 00000004   
NEXT_A_OFFSET      = 00000010   
NEXT_B_OFFSET      = 00000014   
PRINT_INT          = 00000001   
PRINT_STRING       = 00000004   
READ_INT           = 00000005   
READ_STRING        = 00000008   
a_coordinates        00000260 R  data 
a_next               0000025C R  data 
b_coordinates        00001E84 R  data 
b_next               00001E80 R  data 
banner               000000AD R  data 
bar                  00000245 R  data 
board_dim            0000024C R  data 
comma                0000023C R  data 
d_a_cells            000001F0 R  data 
d_a_loc              00000216 R  data 
d_b_cells            00000203 R  data 
d_b_loc              00000228 R  data 
d_dim                000001CB R  data 
d_gen                000001E0 R  data 
debug_params         000001CC R  text 
end_main             0000013C R  text 
enter_board_size     00000000 R  data 
enter_generations    00000014 R  data 
enter_locations      00000090 R  data 
gen_banner_end       00000108 R  data 
gen_banner_start     000000F4 R  data 
generations          00000250 R  data 
get_A_cells          ******** XG
get_B_cells          ******** XG
get_integer          ******** XG
hyphen               00000243 R  data 
illegal_cells        00000175 R  data 
illegal_gens         00000140 R  data 
illegal_point        000001A9 R  data 
illegal_size         00000116 R  data 
live_cells_A         0000003A R  data 
live_cells_B         00000065 R  data 
lp                   0000023A R  data 
main                 00000000 RG text 
newline              00000112 R  data 
param_block          00003AA4 R  data 
plus                 00000241 R  data 
print_done           000001B8 R  text 
print_locations      00000148 R  text 
print_loop           00000150 R  text 
rp                   0000023F R  data 
space                00000114 R  data 
